TAP version 13
ok 1 - Eloquent\Composer\NpmBridge\Exception\NpmCommandFailedExceptionTest::testException
ok 2 - Eloquent\Composer\NpmBridge\Exception\NpmNotFoundExceptionTest::testException
ok 3 - Eloquent\Composer\NpmBridge\NpmBridgeFactoryTest::testCreate
ok 4 - Eloquent\Composer\NpmBridge\NpmBridgePluginTest::testConstructor
ok 5 - Eloquent\Composer\NpmBridge\NpmBridgePluginTest::testConstructorDefaults
ok 6 - Eloquent\Composer\NpmBridge\NpmBridgePluginTest::testActivate
ok 7 - Eloquent\Composer\NpmBridge\NpmBridgePluginTest::testGetSubscribedEvents
ok 8 - Eloquent\Composer\NpmBridge\NpmBridgePluginTest::testOnPostInstallCmd
ok 9 - Eloquent\Composer\NpmBridge\NpmBridgePluginTest::testOnPostInstallCmdProductionMode
ok 10 - Eloquent\Composer\NpmBridge\NpmBridgePluginTest::testOnPostUpdateCmd
ok 11 - Eloquent\Composer\NpmBridge\NpmBridgeTest::testConstructor
ok 12 - Eloquent\Composer\NpmBridge\NpmBridgeTest::testConstructorDefaults
ok 13 - Eloquent\Composer\NpmBridge\NpmBridgeTest::testInstall
ok 14 - Eloquent\Composer\NpmBridge\NpmBridgeTest::testInstallProductionMode
ok 15 - Eloquent\Composer\NpmBridge\NpmBridgeTest::testInstallRootDevDependenciesInDevMode
ok 16 - Eloquent\Composer\NpmBridge\NpmBridgeTest::testInstallRootDevDependenciesInProductionMode
ok 17 - Eloquent\Composer\NpmBridge\NpmBridgeTest::testInstallNothing
ok 18 - Eloquent\Composer\NpmBridge\NpmBridgeTest::testUpdate
ok 19 - Eloquent\Composer\NpmBridge\NpmBridgeTest::testUpdateNothing
ok 20 - Eloquent\Composer\NpmBridge\NpmBridgeTest::testIsDependantPackage
ok 21 - Eloquent\Composer\NpmBridge\NpmClientTest::testConstructor
ok 22 - Eloquent\Composer\NpmBridge\NpmClientTest::testConstructorDefaults
ok 23 - Eloquent\Composer\NpmBridge\NpmClientTest::testInstall
ok 24 - Eloquent\Composer\NpmBridge\NpmClientTest::testInstallProductionMode
ok 25 - Eloquent\Composer\NpmBridge\NpmClientTest::testInstallFailureNpmNotFound
ok 26 - Eloquent\Composer\NpmBridge\NpmClientTest::testInstallFailureCommandFailed
ok 27 - Eloquent\Composer\NpmBridge\NpmClientTest::testUpdate
ok 28 - Eloquent\Composer\NpmBridge\NpmClientTest::testUpdateFailureNpmNotFound
ok 29 - Eloquent\Composer\NpmBridge\NpmClientTest::testUpdateFailureCommandFailed
ok 30 - Eloquent\Composer\NpmBridge\NpmClientTest::testShrinkwrap
ok 31 - Eloquent\Composer\NpmBridge\NpmClientTest::testShrinkwrapFailureNpmNotFound
ok 32 - Eloquent\Composer\NpmBridge\NpmClientTest::testShrinkwrapFailureCommandFailed
ok 33 - Eloquent\Composer\NpmBridge\NpmVendorFinderTest::testFind
1..33
